<html>
<body>
<pre>
<h1>µVision Build Log</h1>
<h2>Project:</h2>
C:\sources\teste\controller\controller.uvproj
Project File Date:  10/06/2014

<h2>Output:</h2>
Rebuild target 'Controller'
assembling startup_stm32f40xx.s...
creating preprocessor file for main.c...
compiling main.c...
creating preprocessor file for croutine.c...
compiling croutine.c...
creating preprocessor file for event_groups.c...
compiling event_groups.c...
creating preprocessor file for list.c...
compiling list.c...
creating preprocessor file for queue.c...
compiling queue.c...
creating preprocessor file for tasks.c...
compiling tasks.c...
creating preprocessor file for timers.c...
compiling timers.c...
creating preprocessor file for heap_1.c...
compiling heap_1.c...
creating preprocessor file for port.c...
compiling port.c...
FreeRTOS\Source\portable\Keil\ARM_CM4F\port.c(490): warning: A1581W: Added 2 bytes of padding at address 0xa2
creating preprocessor file for system_stm32f4xx.c...
compiling system_stm32f4xx.c...
creating preprocessor file for stm32f4xx_hal.c...
compiling stm32f4xx_hal.c...
creating preprocessor file for stm32f4xx_hal_rcc.c...
compiling stm32f4xx_hal_rcc.c...
creating preprocessor file for stm32f4xx_hal_cortex.c...
compiling stm32f4xx_hal_cortex.c...
creating preprocessor file for stm32f4xx_hal_gpio.c...
compiling stm32f4xx_hal_gpio.c...
creating preprocessor file for stm32f4xx_hal_rtc_ex.c...
compiling stm32f4xx_hal_rtc_ex.c...
creating preprocessor file for stm32f4xx_hal_rtc.c...
compiling stm32f4xx_hal_rtc.c...
creating preprocessor file for stm32f4xx_hal_rcc_ex.c...
compiling stm32f4xx_hal_rcc_ex.c...
linking...
Program Size: Code=7572 RO-data=440 RW-data=24 ZI-data=1632  
FromELF: creating hex file...
".\controller.axf" - 0 Error(s), 1 Warning(s).
Clean started: Project: 'controller'
   deleting intermediate output files for target 'Controller'
