<html>
<body>
<pre>
<h1>µVision Build Log</h1>
<h2>Project:</h2>
C:\sources\Controller\cubeMx-Prj\Projects\MDK-ARM\controller.uvproj
Project File Date:  09/23/2014

<h2>Output:</h2>
Rebuild target 'controller Configuration'
assembling startup_stm32f417xx.s...
compiling gpio.c...
compiling main.c...
compiling rtc.c...
compiling stm32f4xx_it.c...
compiling usart.c...
compiling system_stm32f4xx.c...
compiling stm32f4xx_hal.c...
compiling stm32f4xx_hal_cortex.c...
compiling stm32f4xx_hal_dma.c...
compiling stm32f4xx_hal_dma_ex.c...
compiling stm32f4xx_hal_flash.c...
compiling stm32f4xx_hal_flash_ex.c...
compiling stm32f4xx_hal_flash_ramfunc.c...
compiling stm32f4xx_hal_gpio.c...
compiling stm32f4xx_hal_pwr.c...
compiling stm32f4xx_hal_pwr_ex.c...
compiling stm32f4xx_hal_rcc.c...
compiling stm32f4xx_hal_rcc_ex.c...
compiling stm32f4xx_hal_rtc.c...
compiling stm32f4xx_hal_rtc_ex.c...
compiling stm32f4xx_hal_uart.c...
linking...
Program Size: Code=8398 RO-data=442 RW-data=24 ZI-data=1416  
FromELF: creating hex file...
"controller Configuration\controller Configuration.axf" - 0 Error(s), 0 Warning(s).
Clean started: Project: 'controller'
   deleting intermediate output files for target 'controller Configuration'
